===========================================================================
      VERBOSE RUNGE-KUTTA OPTIMIZATION CONVEYOR EXECUTION LOG
===========================================================================

###########################################################################
  PROCESSING BENCHMARK 1: Linear Harmonic Oscillator
###########################################################################
[Baseline] Classical RK6 Initial Loss: 2.799927e-05
[Linear Harmonic Oscillator] Running Deterministic Grid Search...

[Grid Search] Initializing coarse multi-stage deterministic search...
[Grid Search] Completed coarse stage. Evaluated: 72 safe configurations.
[Grid Search] Coarse Optimum: [0.08   0.26   0.3475 0.98  ] | Loss: 6.531450e-07
[Grid Search] Executing multi-stage adaptive local refinement...
  -> Stage 1/3 | Step: 0.0400 | Current Best Loss: 2.389172e-07
  -> Stage 2/3 | Step: 0.0200 | Current Best Loss: 2.389172e-07
  -> Stage 3/3 | Step: 0.0100 | Current Best Loss: 1.224147e-07
[Grid Search] Refinement completed. Extra evaluations: 216, Extra pruned: 0
[Grid Search] Total processed configurations: 288 | Total bypassed: 9
[Linear Harmonic Oscillator] Running Stochastic Particle Swarm Optimization...

[PSO] Spawning population of 30 particles across partitioned 4-D space...
Iteration 01/30 | Swarm Champion Global Loss: 2.150594e-06
Iteration 02/30 | Swarm Champion Global Loss: 1.115876e-06
Iteration 03/30 | Swarm Champion Global Loss: 5.146959e-07
Iteration 04/30 | Swarm Champion Global Loss: 4.335057e-07
Iteration 05/30 | Swarm Champion Global Loss: 4.335057e-07
Iteration 06/30 | Swarm Champion Global Loss: 4.335057e-07
Iteration 07/30 | Swarm Champion Global Loss: 1.654396e-07
Iteration 08/30 | Swarm Champion Global Loss: 4.835033e-08
Iteration 09/30 | Swarm Champion Global Loss: 4.835033e-08
Iteration 10/30 | Swarm Champion Global Loss: 4.835033e-08
Iteration 11/30 | Swarm Champion Global Loss: 4.835033e-08
Iteration 12/30 | Swarm Champion Global Loss: 4.835033e-08
Iteration 13/30 | Swarm Champion Global Loss: 4.835033e-08
Iteration 14/30 | Swarm Champion Global Loss: 4.835033e-08
Iteration 15/30 | Swarm Champion Global Loss: 4.835033e-08
Iteration 16/30 | Swarm Champion Global Loss: 4.835033e-08
Iteration 17/30 | Swarm Champion Global Loss: 4.835033e-08
Iteration 18/30 | Swarm Champion Global Loss: 4.835033e-08
Iteration 19/30 | Swarm Champion Global Loss: 4.835033e-08
Iteration 20/30 | Swarm Champion Global Loss: 4.835033e-08
Iteration 21/30 | Swarm Champion Global Loss: 4.835033e-08
Iteration 22/30 | Swarm Champion Global Loss: 4.835033e-08
Iteration 23/30 | Swarm Champion Global Loss: 4.835033e-08
Iteration 24/30 | Swarm Champion Global Loss: 4.835033e-08
Iteration 25/30 | Swarm Champion Global Loss: 4.835033e-08
Iteration 26/30 | Swarm Champion Global Loss: 4.835033e-08
Iteration 27/30 | Swarm Champion Global Loss: 4.835033e-08
Iteration 28/30 | Swarm Champion Global Loss: 4.835033e-08
Iteration 29/30 | Swarm Champion Global Loss: 4.835033e-08
Iteration 30/30 | Swarm Champion Global Loss: 4.835033e-08
[Linear Harmonic Oscillator] Polishing PSO Champion via Nelder-Mead Simplex...

======================================================================
[HYBRID] Starting high-precision local polishing of the PSO champion...
======================================================================
[HYBRID] Polishing successfully converged in 62 iterations.

>>> BENCHMARK 1 COMPLETE <<<
  Baseline Loss : 2.799927e-05
  Grid Search   : 1.224147e-07
  Polished Hybrid: 1.906312e-08
  Accuracy Gain : 1468.77x better
  Optimal Nodes : [0.04799, 0.27654, 0.49118, 0.83115]
  Time Grid Search: 4407.47 ms
  Time PSO Search : 15348.81 ms
  Time Local Polish: 2684.28 ms
  Total Optimization Time: 22440.56 ms

###########################################################################
  PROCESSING BENCHMARK 2: Nonlinear Schrodinger Equation (NLS 2D)
###########################################################################
[Baseline] Classical RK6 Initial Loss: 1.184971e-03
[Nonlinear Schrodinger Equation (NLS 2D)] Running Deterministic Grid Search...

[Grid Search] Initializing coarse multi-stage deterministic search...
[Grid Search] Completed coarse stage. Evaluated: 72 safe configurations.
[Grid Search] Coarse Optimum: [0.15       0.35       0.495      0.67333333] | Loss: 9.602444e-05
[Grid Search] Executing multi-stage adaptive local refinement...
  -> Stage 1/3 | Step: 0.0400 | Current Best Loss: 9.602444e-05
  -> Stage 2/3 | Step: 0.0200 | Current Best Loss: 9.602444e-05
  -> Stage 3/3 | Step: 0.0100 | Current Best Loss: 9.602444e-05
[Grid Search] Refinement completed. Extra evaluations: 72, Extra pruned: 0
[Grid Search] Total processed configurations: 144 | Total bypassed: 9
[Nonlinear Schrodinger Equation (NLS 2D)] Running Stochastic Particle Swarm Optimization...

[PSO] Spawning population of 30 particles across partitioned 4-D space...
Iteration 01/30 | Swarm Champion Global Loss: 1.201832e-04
Iteration 02/30 | Swarm Champion Global Loss: 1.201832e-04
Iteration 03/30 | Swarm Champion Global Loss: 1.201832e-04
Iteration 04/30 | Swarm Champion Global Loss: 5.037307e-05
Iteration 05/30 | Swarm Champion Global Loss: 5.037307e-05
Iteration 06/30 | Swarm Champion Global Loss: 5.037307e-05
Iteration 07/30 | Swarm Champion Global Loss: 5.037307e-05
Iteration 08/30 | Swarm Champion Global Loss: 5.037307e-05
Iteration 09/30 | Swarm Champion Global Loss: 4.475183e-05
Iteration 10/30 | Swarm Champion Global Loss: 4.475183e-05
Iteration 11/30 | Swarm Champion Global Loss: 4.475183e-05
Iteration 12/30 | Swarm Champion Global Loss: 4.475183e-05
Iteration 13/30 | Swarm Champion Global Loss: 3.254575e-05
Iteration 14/30 | Swarm Champion Global Loss: 3.254575e-05
Iteration 15/30 | Swarm Champion Global Loss: 3.254575e-05
Iteration 16/30 | Swarm Champion Global Loss: 3.024465e-05
Iteration 17/30 | Swarm Champion Global Loss: 3.024465e-05
Iteration 18/30 | Swarm Champion Global Loss: 3.024465e-05
Iteration 19/30 | Swarm Champion Global Loss: 3.024465e-05
Iteration 20/30 | Swarm Champion Global Loss: 3.024465e-05
Iteration 21/30 | Swarm Champion Global Loss: 3.024465e-05
Iteration 22/30 | Swarm Champion Global Loss: 3.024465e-05
Iteration 23/30 | Swarm Champion Global Loss: 3.024465e-05
Iteration 24/30 | Swarm Champion Global Loss: 3.024465e-05
Iteration 25/30 | Swarm Champion Global Loss: 3.024465e-05
Iteration 26/30 | Swarm Champion Global Loss: 3.024465e-05
Iteration 27/30 | Swarm Champion Global Loss: 3.024465e-05
Iteration 28/30 | Swarm Champion Global Loss: 3.024465e-05
Iteration 29/30 | Swarm Champion Global Loss: 3.024465e-05
Iteration 30/30 | Swarm Champion Global Loss: 1.642911e-05
[Nonlinear Schrodinger Equation (NLS 2D)] Polishing PSO Champion via Nelder-Mead Simplex...

======================================================================
[HYBRID] Starting high-precision local polishing of the PSO champion...
======================================================================
[HYBRID] Warning: Polishing reached iteration limit or stopped early.

>>> BENCHMARK 2 COMPLETE <<<
  Baseline Loss : 1.184971e-03
  Grid Search   : 9.602444e-05
  Polished Hybrid: 1.230689e-05
  Accuracy Gain : 96.29x better
  Optimal Nodes : [0.12847, 0.2478, 0.35545, 0.96336]
  Time Grid Search: 4920.84 ms
  Time PSO Search : 34767.03 ms
  Time Local Polish: 29385.70 ms
  Total Optimization Time: 69073.57 ms

###########################################################################
  PROCESSING BENCHMARK 3: Gravitational Two-Body Problem
###########################################################################
[Baseline] Classical RK6 Initial Loss: 1.838041e-04
[Gravitational Two-Body Problem] Running Deterministic Grid Search...

[Grid Search] Initializing coarse multi-stage deterministic search...
[Grid Search] Completed coarse stage. Evaluated: 72 safe configurations.
[Grid Search] Coarse Optimum: [0.01   0.26   0.3475 0.52  ] | Loss: 3.035696e-06
[Grid Search] Executing multi-stage adaptive local refinement...
  -> Stage 1/3 | Step: 0.0400 | Current Best Loss: 3.035696e-06
  -> Stage 2/3 | Step: 0.0200 | Current Best Loss: 3.035696e-06
  -> Stage 3/3 | Step: 0.0100 | Current Best Loss: 1.701595e-06
[Grid Search] Refinement completed. Extra evaluations: 108, Extra pruned: 0
[Grid Search] Total processed configurations: 180 | Total bypassed: 9
[Gravitational Two-Body Problem] Running Stochastic Particle Swarm Optimization...

[PSO] Spawning population of 30 particles across partitioned 4-D space...
Iteration 01/30 | Swarm Champion Global Loss: 3.216729e-06
Iteration 02/30 | Swarm Champion Global Loss: 6.497926e-07
Iteration 03/30 | Swarm Champion Global Loss: 6.497926e-07
Iteration 04/30 | Swarm Champion Global Loss: 6.497926e-07
Iteration 05/30 | Swarm Champion Global Loss: 2.999725e-07
Iteration 06/30 | Swarm Champion Global Loss: 2.999725e-07
Iteration 07/30 | Swarm Champion Global Loss: 2.999725e-07
Iteration 08/30 | Swarm Champion Global Loss: 1.524582e-07
Iteration 09/30 | Swarm Champion Global Loss: 1.524582e-07
Iteration 10/30 | Swarm Champion Global Loss: 1.524582e-07
Iteration 11/30 | Swarm Champion Global Loss: 1.524582e-07
Iteration 12/30 | Swarm Champion Global Loss: 1.524582e-07
Iteration 13/30 | Swarm Champion Global Loss: 1.524582e-07
Iteration 14/30 | Swarm Champion Global Loss: 1.524582e-07
Iteration 15/30 | Swarm Champion Global Loss: 1.524582e-07
Iteration 16/30 | Swarm Champion Global Loss: 1.524582e-07
Iteration 17/30 | Swarm Champion Global Loss: 1.524582e-07
Iteration 18/30 | Swarm Champion Global Loss: 1.524582e-07
Iteration 19/30 | Swarm Champion Global Loss: 1.524582e-07
Iteration 20/30 | Swarm Champion Global Loss: 1.524582e-07
Iteration 21/30 | Swarm Champion Global Loss: 1.524582e-07
Iteration 22/30 | Swarm Champion Global Loss: 1.524582e-07
Iteration 23/30 | Swarm Champion Global Loss: 1.524582e-07
Iteration 24/30 | Swarm Champion Global Loss: 1.524582e-07
Iteration 25/30 | Swarm Champion Global Loss: 1.524582e-07
Iteration 26/30 | Swarm Champion Global Loss: 1.524582e-07
Iteration 27/30 | Swarm Champion Global Loss: 1.524582e-07
Iteration 28/30 | Swarm Champion Global Loss: 1.524582e-07
Iteration 29/30 | Swarm Champion Global Loss: 1.524582e-07
Iteration 30/30 | Swarm Champion Global Loss: 1.524582e-07
[Gravitational Two-Body Problem] Polishing PSO Champion via Nelder-Mead Simplex...

======================================================================
[HYBRID] Starting high-precision local polishing of the PSO champion...
======================================================================
[HYBRID] Warning: Polishing reached iteration limit or stopped early.

>>> BENCHMARK 3 COMPLETE <<<
  Baseline Loss : 1.838041e-04
  Grid Search   : 1.701595e-06
  Polished Hybrid: 1.325284e-07
  Accuracy Gain : 1386.90x better
  Optimal Nodes : [0.02409, 0.27103, 0.49498, 0.73708]
  Time Grid Search: 3791.52 ms
  Time PSO Search : 22216.92 ms
  Time Local Polish: 17913.23 ms
  Total Optimization Time: 43921.67 ms

###########################################################################
  PROCESSING BENCHMARK 4: Gravitational Outer Planets Problem (24D)
###########################################################################
[Baseline] Classical RK6 Initial Loss: 1.969346e-08
[Gravitational Outer Planets Problem (24D)] Running Deterministic Grid Search...

[Grid Search] Initializing coarse multi-stage deterministic search...
[Grid Search] Completed coarse stage. Evaluated: 72 safe configurations.
[Grid Search] Coarse Optimum: [0.01       0.35       0.495      0.67333333] | Loss: 9.017313e-10
[Grid Search] Executing multi-stage adaptive local refinement...
  -> Stage 1/3 | Step: 0.0400 | Current Best Loss: 4.832715e-11
  -> Stage 2/3 | Step: 0.0200 | Current Best Loss: 4.832715e-11
  -> Stage 3/3 | Step: 0.0100 | Current Best Loss: 4.832715e-11
[Grid Search] Refinement completed. Extra evaluations: 96, Extra pruned: 0
[Grid Search] Total processed configurations: 168 | Total bypassed: 9
[Gravitational Outer Planets Problem (24D)] Running Stochastic Particle Swarm Optimization...

[PSO] Spawning population of 30 particles across partitioned 4-D space...
Iteration 01/30 | Swarm Champion Global Loss: 6.594874e-10
Iteration 02/30 | Swarm Champion Global Loss: 2.153077e-10
Iteration 03/30 | Swarm Champion Global Loss: 1.029118e-10
Iteration 04/30 | Swarm Champion Global Loss: 1.029118e-10
Iteration 05/30 | Swarm Champion Global Loss: 1.029118e-10
Iteration 06/30 | Swarm Champion Global Loss: 1.029118e-10
Iteration 07/30 | Swarm Champion Global Loss: 1.029118e-10
Iteration 08/30 | Swarm Champion Global Loss: 1.029118e-10
Iteration 09/30 | Swarm Champion Global Loss: 1.029118e-10
Iteration 10/30 | Swarm Champion Global Loss: 1.029118e-10
Iteration 11/30 | Swarm Champion Global Loss: 1.029118e-10
Iteration 12/30 | Swarm Champion Global Loss: 1.029118e-10
Iteration 13/30 | Swarm Champion Global Loss: 1.029118e-10
Iteration 14/30 | Swarm Champion Global Loss: 1.029118e-10
Iteration 15/30 | Swarm Champion Global Loss: 1.029118e-10
Iteration 16/30 | Swarm Champion Global Loss: 1.029118e-10
Iteration 17/30 | Swarm Champion Global Loss: 1.029118e-10
Iteration 18/30 | Swarm Champion Global Loss: 1.029118e-10
Iteration 19/30 | Swarm Champion Global Loss: 1.029118e-10
Iteration 20/30 | Swarm Champion Global Loss: 1.029118e-10
Iteration 21/30 | Swarm Champion Global Loss: 1.029118e-10
Iteration 22/30 | Swarm Champion Global Loss: 1.029118e-10
Iteration 23/30 | Swarm Champion Global Loss: 1.029118e-10
Iteration 24/30 | Swarm Champion Global Loss: 1.029118e-10
Iteration 25/30 | Swarm Champion Global Loss: 5.280855e-11
Iteration 26/30 | Swarm Champion Global Loss: 5.280855e-11
Iteration 27/30 | Swarm Champion Global Loss: 5.280855e-11
Iteration 28/30 | Swarm Champion Global Loss: 5.280855e-11
Iteration 29/30 | Swarm Champion Global Loss: 5.280855e-11
Iteration 30/30 | Swarm Champion Global Loss: 5.280855e-11
[Gravitational Outer Planets Problem (24D)] Polishing PSO Champion via Nelder-Mead Simplex...

======================================================================
[HYBRID] Starting high-precision local polishing of the PSO champion...
======================================================================
[HYBRID] Polishing successfully converged in 66 iterations.

>>> BENCHMARK 4 COMPLETE <<<
  Baseline Loss : 1.969346e-08
  Grid Search   : 4.832715e-11
  Polished Hybrid: 8.781080e-12
  Accuracy Gain : 2242.46x better
  Optimal Nodes : [0.12668, 0.3376, 0.46193, 0.79523]
  Time Grid Search: 16181.65 ms
  Time PSO Search : 93045.45 ms
  Time Local Polish: 16624.89 ms
  Total Optimization Time: 125852.00 ms
